npart[SPINA]              45.00043099	 1.0e-4
npart[SPINB]              45.00043099	 1.0e-4
energy[EKIN]              28.58038252	 1.0e-4
energy[EPOT]             -4.907385042	 1.0e-4
energy[EPAIR]            -1.385205332	 1.0e-4
energy[ECURRENT]        0.01962910724	 1.0e-4
energy[EPOTEXT]                     0	 1.0e-4
energy[EPAIREXT]                    0	 1.0e-4
energy[EVELEXT]                     0	 1.0e-4
